Command line invocation:
    /Applications/Xcode.app/Contents/Developer/usr/bin/xcodebuild -project Flow.xcodeproj -scheme Flow -destination platform=macOS,arch=arm64 build

ComputePackagePrebuildTargetDependencyGraph

Prepare packages

CreateBuildRequest

SendProjectDescription

CreateBuildOperation

ComputeTargetDependencyGraph
note: Building targets in dependency order
note: Target dependency graph (1 target)
    Target 'Flow' in project 'Flow' (no dependencies)

GatherProvisioningInputs

CreateBuildDescription

ExecuteExternalTool /Applications/Xcode.app/Contents/Developer/Toolchains/XcodeDefault.xctoolchain/usr/bin/clang -v -E -dM -isysroot /Applications/Xcode.app/Contents/Developer/Platforms/MacOSX.platform/Developer/SDKs/MacOSX26.2.sdk -x c -c /dev/null

ExecuteExternalTool /Applications/Xcode.app/Contents/Developer/usr/bin/actool --version --output-format xml1

ExecuteExternalTool /Applications/Xcode.app/Contents/Developer/Toolchains/XcodeDefault.xctoolchain/usr/bin/swiftc --version

ExecuteExternalTool /Applications/Xcode.app/Contents/Developer/Toolchains/XcodeDefault.xctoolchain/usr/bin/ld -version_details

Build description signature: 44f2cfce751bee986210e52fd44bbfc8
Build description path: /Users/wei/Library/Developer/Xcode/DerivedData/Flow-fqmodrcmzpelxngdjsxsgsfpqduj/Build/Intermediates.noindex/XCBuildData/44f2cfce751bee986210e52fd44bbfc8.xcbuilddata
ClangStatCache /Applications/Xcode.app/Contents/Developer/Toolchains/XcodeDefault.xctoolchain/usr/bin/clang-stat-cache /Applications/Xcode.app/Contents/Developer/Platforms/MacOSX.platform/Developer/SDKs/MacOSX26.2.sdk /Users/wei/Library/Developer/Xcode/DerivedData/SDKStatCaches.noindex/macosx26.2-25C57-00fa09913b459cbbc988d1f6730289ae.sdkstatcache
    cd /Users/wei/source/flow/Flow.xcodeproj
    /Applications/Xcode.app/Contents/Developer/Toolchains/XcodeDefault.xctoolchain/usr/bin/clang-stat-cache /Applications/Xcode.app/Contents/Developer/Platforms/MacOSX.platform/Developer/SDKs/MacOSX26.2.sdk -o /Users/wei/Library/Developer/Xcode/DerivedData/SDKStatCaches.noindex/macosx26.2-25C57-00fa09913b459cbbc988d1f6730289ae.sdkstatcache

ProcessInfoPlistFile /Users/wei/Library/Developer/Xcode/DerivedData/Flow-fqmodrcmzpelxngdjsxsgsfpqduj/Build/Products/Debug/Flow.app/Contents/Info.plist /Users/wei/Library/Developer/Xcode/DerivedData/Flow-fqmodrcmzpelxngdjsxsgsfpqduj/Build/Intermediates.noindex/Flow.build/Debug/Flow.build/empty-Flow.plist (in target 'Flow' from project 'Flow')
    cd /Users/wei/source/flow
    builtin-infoPlistUtility /Users/wei/Library/Developer/Xcode/DerivedData/Flow-fqmodrcmzpelxngdjsxsgsfpqduj/Build/Intermediates.noindex/Flow.build/Debug/Flow.build/empty-Flow.plist -producttype com.apple.product-type.application -genpkginfo /Users/wei/Library/Developer/Xcode/DerivedData/Flow-fqmodrcmzpelxngdjsxsgsfpqduj/Build/Products/Debug/Flow.app/Contents/PkgInfo -expandbuildsettings -platform macosx -additionalcontentfile /Users/wei/Library/Developer/Xcode/DerivedData/Flow-fqmodrcmzpelxngdjsxsgsfpqduj/Build/Intermediates.noindex/Flow.build/Debug/Flow.build/assetcatalog_generated_info.plist -o /Users/wei/Library/Developer/Xcode/DerivedData/Flow-fqmodrcmzpelxngdjsxsgsfpqduj/Build/Products/Debug/Flow.app/Contents/Info.plist

SwiftDriver Flow normal arm64 com.apple.xcode.tools.swift.compiler (in target 'Flow' from project 'Flow')
    cd /Users/wei/source/flow
    builtin-SwiftDriver -- /Applications/Xcode.app/Contents/Developer/Toolchains/XcodeDefault.xctoolchain/usr/bin/swiftc -module-name Flow -Onone -enforce-exclusivity\=checked @/Users/wei/Library/Developer/Xcode/DerivedData/Flow-fqmodrcmzpelxngdjsxsgsfpqduj/Build/Intermediates.noindex/Flow.build/Debug/Flow.build/Objects-normal/arm64/Flow.SwiftFileList -DDEBUG -default-isolation\=MainActor -enable-bare-slash-regex -enable-upcoming-feature DisableOutwardActorInference -enable-upcoming-feature InferSendableFromCaptures -enable-upcoming-feature GlobalActorIsolatedTypesUsability -enable-upcoming-feature MemberImportVisibility -enable-upcoming-feature InferIsolatedConformances -enable-upcoming-feature NonisolatedNonsendingByDefault -enable-experimental-feature DebugDescriptionMacro -sdk /Applications/Xcode.app/Contents/Developer/Platforms/MacOSX.platform/Developer/SDKs/MacOSX26.2.sdk -target arm64-apple-macos15.7 -g -module-cache-path /Users/wei/Library/Developer/Xcode/DerivedData/ModuleCache.noindex -Xfrontend -serialize-debugging-options -profile-coverage-mapping -profile-generate -enable-testing -index-store-path /Users/wei/Library/Developer/Xcode/DerivedData/Flow-fqmodrcmzpelxngdjsxsgsfpqduj/Index.noindex/DataStore -Xcc -D_LIBCPP_HARDENING_MODE\=_LIBCPP_HARDENING_MODE_DEBUG -swift-version 5 -I /Users/wei/Library/Developer/Xcode/DerivedData/Flow-fqmodrcmzpelxngdjsxsgsfpqduj/Build/Products/Debug -F /Users/wei/Library/Developer/Xcode/DerivedData/Flow-fqmodrcmzpelxngdjsxsgsfpqduj/Build/Products/Debug -emit-localized-strings -emit-localized-strings-path /Users/wei/Library/Developer/Xcode/DerivedData/Flow-fqmodrcmzpelxngdjsxsgsfpqduj/Build/Intermediates.noindex/Flow.build/Debug/Flow.build/Objects-normal/arm64 -c -j12 -enable-batch-mode -incremental -Xcc -ivfsstatcache -Xcc /Users/wei/Library/Developer/Xcode/DerivedData/SDKStatCaches.noindex/macosx26.2-25C57-00fa09913b459cbbc988d1f6730289ae.sdkstatcache -output-file-map /Users/wei/Library/Developer/Xcode/DerivedData/Flow-fqmodrcmzpelxngdjsxsgsfpqduj/Build/Intermediates.noindex/Flow.build/Debug/Flow.build/Objects-normal/arm64/Flow-OutputFileMap.json -use-frontend-parseable-output -save-temps -no-color-diagnostics -explicit-module-build -module-cache-path /Users/wei/Library/Developer/Xcode/DerivedData/Flow-fqmodrcmzpelxngdjsxsgsfpqduj/Build/Intermediates.noindex/SwiftExplicitPrecompiledModules -clang-scanner-module-cache-path /Users/wei/Library/Developer/Xcode/DerivedData/ModuleCache.noindex -sdk-module-cache-path /Users/wei/Library/Developer/Xcode/DerivedData/ModuleCache.noindex -serialize-diagnostics -emit-dependencies -emit-module -emit-module-path /Users/wei/Library/Developer/Xcode/DerivedData/Flow-fqmodrcmzpelxngdjsxsgsfpqduj/Build/Intermediates.noindex/Flow.build/Debug/Flow.build/Objects-normal/arm64/Flow.swiftmodule -validate-clang-modules-once -clang-build-session-file /Users/wei/Library/Developer/Xcode/DerivedData/ModuleCache.noindex/Session.modulevalidation -Xcc -I/Users/wei/Library/Developer/Xcode/DerivedData/Flow-fqmodrcmzpelxngdjsxsgsfpqduj/Build/Intermediates.noindex/Flow.build/Debug/Flow.build/swift-overrides.hmap -emit-const-values -Xfrontend -const-gather-protocols-file -Xfrontend /Users/wei/Library/Developer/Xcode/DerivedData/Flow-fqmodrcmzpelxngdjsxsgsfpqduj/Build/Intermediates.noindex/Flow.build/Debug/Flow.build/Objects-normal/arm64/Flow_const_extract_protocols.json -Xcc -iquote -Xcc /Users/wei/Library/Developer/Xcode/DerivedData/Flow-fqmodrcmzpelxngdjsxsgsfpqduj/Build/Intermediates.noindex/Flow.build/Debug/Flow.build/Flow-generated-files.hmap -Xcc -I/Users/wei/Library/Developer/Xcode/DerivedData/Flow-fqmodrcmzpelxngdjsxsgsfpqduj/Build/Intermediates.noindex/Flow.build/Debug/Flow.build/Flow-own-target-headers.hmap -Xcc -I/Users/wei/Library/Developer/Xcode/DerivedData/Flow-fqmodrcmzpelxngdjsxsgsfpqduj/Build/Intermediates.noindex/Flow.build/Debug/Flow.build/Flow-all-target-headers.hmap -Xcc -iquote -Xcc /Users/wei/Library/Developer/Xcode/DerivedData/Flow-fqmodrcmzpelxngdjsxsgsfpqduj/Build/Intermediates.noindex/Flow.build/Debug/Flow.build/Flow-project-headers.hmap -Xcc -I/Users/wei/Library/Developer/Xcode/DerivedData/Flow-fqmodrcmzpelxngdjsxsgsfpqduj/Build/Products/Debug/include -Xcc -I/Users/wei/Library/Developer/Xcode/DerivedData/Flow-fqmodrcmzpelxngdjsxsgsfpqduj/Build/Intermediates.noindex/Flow.build/Debug/Flow.build/DerivedSources-normal/arm64 -Xcc -I/Users/wei/Library/Developer/Xcode/DerivedData/Flow-fqmodrcmzpelxngdjsxsgsfpqduj/Build/Intermediates.noindex/Flow.build/Debug/Flow.build/DerivedSources/arm64 -Xcc -I/Users/wei/Library/Developer/Xcode/DerivedData/Flow-fqmodrcmzpelxngdjsxsgsfpqduj/Build/Intermediates.noindex/Flow.build/Debug/Flow.build/DerivedSources -Xcc -DDEBUG\=1 -emit-objc-header -emit-objc-header-path /Users/wei/Library/Developer/Xcode/DerivedData/Flow-fqmodrcmzpelxngdjsxsgsfpqduj/Build/Intermediates.noindex/Flow.build/Debug/Flow.build/Objects-normal/arm64/Flow-Swift.h -working-directory /Users/wei/source/flow -experimental-emit-module-separately -disable-cmo

SwiftCompile normal arm64 Compiling\ ContentView.swift /Users/wei/source/flow/Flow/ContentView.swift (in target 'Flow' from project 'Flow')

SwiftCompile normal arm64 /Users/wei/source/flow/Flow/ContentView.swift (in target 'Flow' from project 'Flow')
    cd /Users/wei/source/flow
    
/Users/wei/source/flow/Flow/ContentView.swift:294:10: error: instance method 'border(_:width:)' requires that '[Any]' conform to 'ShapeStyle'
        .border(width: 1, edges: [.bottom], color: .secondary.opacity(0.1))
         ^
SwiftUI.View.border:2:36: note: where 'S' = '[Any]'
@inlinable nonisolated public func border<S>(_ content: S, width: CGFloat = 1) -> some View where S : ShapeStyle
                                   ^
/Users/wei/source/flow/Flow/ContentView.swift:294:63: error: extra argument 'color' in call
        .border(width: 1, edges: [.bottom], color: .secondary.opacity(0.1))
               ~~~~~~~~~~~~~~~~~~~~~~~~~~~~~~~~~~~~~~~~~~~~~~~^~~~~~~~~~~~~
/Users/wei/source/flow/Flow/ContentView.swift:294:36: error: reference to member 'bottom' cannot be resolved without a contextual type
        .border(width: 1, edges: [.bottom], color: .secondary.opacity(0.1))
                                   ^
/Users/wei/source/flow/Flow/ContentView.swift:294:53: error: cannot infer contextual base in reference to member 'secondary'
        .border(width: 1, edges: [.bottom], color: .secondary.opacity(0.1))
                                                   ~^~~~~~~~~

Failed frontend command:
/Applications/Xcode.app/Contents/Developer/Toolchains/XcodeDefault.xctoolchain/usr/bin/swift-frontend -frontend -c /Users/wei/source/flow/Flow/ComposerView.swift -primary-file /Users/wei/source/flow/Flow/ContentView.swift /Users/wei/source/flow/Flow/EventCardView.swift /Users/wei/source/flow/Flow/FlowApp.swift /Users/wei/source/flow/Flow/FlowViewModel.swift /Users/wei/source/flow/Flow/MarkdownParser.swift /Users/wei/source/flow/Flow/TaskItem.swift /Users/wei/Library/Developer/Xcode/DerivedData/Flow-fqmodrcmzpelxngdjsxsgsfpqduj/Build/Intermediates.noindex/Flow.build/Debug/Flow.build/DerivedSources/GeneratedAssetSymbols.swift -emit-dependencies-path /Users/wei/Library/Developer/Xcode/DerivedData/Flow-fqmodrcmzpelxngdjsxsgsfpqduj/Build/Intermediates.noindex/Flow.build/Debug/Flow.build/Objects-normal/arm64/ContentView.d -emit-const-values-path /Users/wei/Library/Developer/Xcode/DerivedData/Flow-fqmodrcmzpelxngdjsxsgsfpqduj/Build/Intermediates.noindex/Flow.build/Debug/Flow.build/Objects-normal/arm64/ContentView.swiftconstvalues -emit-reference-dependencies-path /Users/wei/Library/Developer/Xcode/DerivedData/Flow-fqmodrcmzpelxngdjsxsgsfpqduj/Build/Intermediates.noindex/Flow.build/Debug/Flow.build/Objects-normal/arm64/ContentView.swiftdeps -serialize-diagnostics-path /Users/wei/Library/Developer/Xcode/DerivedData/Flow-fqmodrcmzpelxngdjsxsgsfpqduj/Build/Intermediates.noindex/Flow.build/Debug/Flow.build/Objects-normal/arm64/ContentView.dia -emit-localized-strings -emit-localized-strings-path /Users/wei/Library/Developer/Xcode/DerivedData/Flow-fqmodrcmzpelxngdjsxsgsfpqduj/Build/Intermediates.noindex/Flow.build/Debug/Flow.build/Objects-normal/arm64 -target arm64-apple-macos15.7 -module-can-import-version AppKit 2685.30.107 2685.30.107 -module-can-import-version DeveloperToolsSupport 23.0.4 23.0.4 -module-can-import-version SwiftUI 7.2.5.1 7.2.5 -load-resolved-plugin /Applications/Xcode.app/Contents/Developer/Platforms/MacOSX.platform/Developer/usr/lib/swift/host/plugins/libFoundationMacros.dylib\#/Applications/Xcode.app/Contents/Developer/Platforms/MacOSX.platform/Developer/usr/bin/swift-plugin-server\#FoundationMacros -load-resolved-plugin /Applications/Xcode.app/Contents/Developer/Platforms/MacOSX.platform/Developer/usr/lib/swift/host/plugins/libObservationMacros.dylib\#/Applications/Xcode.app/Contents/Developer/Platforms/MacOSX.platform/Developer/usr/bin/swift-plugin-server\#ObservationMacros -load-resolved-plugin /Applications/Xcode.app/Contents/Developer/Platforms/MacOSX.platform/Developer/usr/lib/swift/host/plugins/libPreviewsMacros.dylib\#/Applications/Xcode.app/Contents/Developer/Platforms/MacOSX.platform/Developer/usr/bin/swift-plugin-server\#PreviewsMacros -load-resolved-plugin /Applications/Xcode.app/Contents/Developer/Platforms/MacOSX.platform/Developer/usr/lib/swift/host/plugins/libSwiftMacros.dylib\#/Applications/Xcode.app/Contents/Developer/Platforms/MacOSX.platform/Developer/usr/bin/swift-plugin-server\#SwiftMacros -load-resolved-plugin /Applications/Xcode.app/Contents/Developer/Platforms/MacOSX.platform/Developer/usr/lib/swift/host/plugins/libSwiftUIMacros.dylib\#/Applications/Xcode.app/Contents/Developer/Platforms/MacOSX.platform/Developer/usr/bin/swift-plugin-server\#SwiftUIMacros -disable-implicit-swift-modules -Xcc -fno-implicit-modules -Xcc -fno-implicit-module-maps -explicit-swift-module-map-file /Users/wei/Library/Developer/Xcode/DerivedData/Flow-fqmodrcmzpelxngdjsxsgsfpqduj/Build/Intermediates.noindex/Flow.build/Debug/Flow.build/Objects-normal/arm64/Flow-dependencies-1.json -Xllvm -aarch64-use-tbi -enable-objc-interop -stack-check -sdk /Applications/Xcode.app/Contents/Developer/Platforms/MacOSX.platform/Developer/SDKs/MacOSX26.2.sdk -I /Users/wei/Library/Developer/Xcode/DerivedData/Flow-fqmodrcmzpelxngdjsxsgsfpqduj/Build/Products/Debug -F /Users/wei/Library/Developer/Xcode/DerivedData/Flow-fqmodrcmzpelxngdjsxsgsfpqduj/Build/Products/Debug -no-color-diagnostics -Xcc -fno-color-diagnostics -enable-testing -g -debug-info-format\=dwarf -dwarf-version\=5 -module-cache-path /Users/wei/Library/Developer/Xcode/DerivedData/Flow-fqmodrcmzpelxngdjsxsgsfpqduj/Build/Intermediates.noindex/SwiftExplicitPrecompiledModules -profile-generate -profile-coverage-mapping -swift-version 5 -enforce-exclusivity\=checked -Onone -D DEBUG -serialize-debugging-options -const-gather-protocols-file /Users/wei/Library/Developer/Xcode/DerivedData/Flow-fqmodrcmzpelxngdjsxsgsfpqduj/Build/Intermediates.noindex/Flow.build/Debug/Flow.build/Objects-normal/arm64/Flow_const_extract_protocols.json -enable-upcoming-feature DisableOutwardActorInference -enable-upcoming-feature InferSendableFromCaptures -enable-upcoming-feature GlobalActorIsolatedTypesUsability -enable-upcoming-feature MemberImportVisibility -enable-upcoming-feature InferIsolatedConformances -enable-upcoming-feature NonisolatedNonsendingByDefault -enable-experimental-feature DebugDescriptionMacro -enable-bare-slash-regex -default-isolation\=MainActor -empty-abi-descriptor -validate-clang-modules-once -clang-build-session-file /Users/wei/Library/Developer/Xcode/DerivedData/ModuleCache.noindex/Session.modulevalidation -Xcc -working-directory -Xcc /Users/wei/source/flow -enable-anonymous-context-mangled-names -file-compilation-dir /Users/wei/source/flow -Xcc -D_LIBCPP_HARDENING_MODE\=_LIBCPP_HARDENING_MODE_DEBUG -Xcc -ivfsstatcache -Xcc /Users/wei/Library/Developer/Xcode/DerivedData/SDKStatCaches.noindex/macosx26.2-25C57-00fa09913b459cbbc988d1f6730289ae.sdkstatcache -Xcc -I/Users/wei/Library/Developer/Xcode/DerivedData/Flow-fqmodrcmzpelxngdjsxsgsfpqduj/Build/Intermediates.noindex/Flow.build/Debug/Flow.build/swift-overrides.hmap -Xcc -iquote -Xcc /Users/wei/Library/Developer/Xcode/DerivedData/Flow-fqmodrcmzpelxngdjsxsgsfpqduj/Build/Intermediates.noindex/Flow.build/Debug/Flow.build/Flow-generated-files.hmap -Xcc -I/Users/wei/Library/Developer/Xcode/DerivedData/Flow-fqmodrcmzpelxngdjsxsgsfpqduj/Build/Intermediates.noindex/Flow.build/Debug/Flow.build/Flow-own-target-headers.hmap -Xcc -I/Users/wei/Library/Developer/Xcode/DerivedData/Flow-fqmodrcmzpelxngdjsxsgsfpqduj/Build/Intermediates.noindex/Flow.build/Debug/Flow.build/Flow-all-target-headers.hmap -Xcc -iquote -Xcc /Users/wei/Library/Developer/Xcode/DerivedData/Flow-fqmodrcmzpelxngdjsxsgsfpqduj/Build/Intermediates.noindex/Flow.build/Debug/Flow.build/Flow-project-headers.hmap -Xcc -I/Users/wei/Library/Developer/Xcode/DerivedData/Flow-fqmodrcmzpelxngdjsxsgsfpqduj/Build/Products/Debug/include -Xcc -I/Users/wei/Library/Developer/Xcode/DerivedData/Flow-fqmodrcmzpelxngdjsxsgsfpqduj/Build/Intermediates.noindex/Flow.build/Debug/Flow.build/DerivedSources-normal/arm64 -Xcc -I/Users/wei/Library/Developer/Xcode/DerivedData/Flow-fqmodrcmzpelxngdjsxsgsfpqduj/Build/Intermediates.noindex/Flow.build/Debug/Flow.build/DerivedSources/arm64 -Xcc -I/Users/wei/Library/Developer/Xcode/DerivedData/Flow-fqmodrcmzpelxngdjsxsgsfpqduj/Build/Intermediates.noindex/Flow.build/Debug/Flow.build/DerivedSources -Xcc -DDEBUG\=1 -no-auto-bridging-header-chaining -module-name Flow -frontend-parseable-output -disable-clang-spi -target-sdk-version 26.2 -target-sdk-name macosx26.2 -clang-target arm64-apple-macos26.2 -in-process-plugin-server-path /Applications/Xcode.app/Contents/Developer/Toolchains/XcodeDefault.xctoolchain/usr/lib/swift/host/libSwiftInProcPluginServer.dylib -o /Users/wei/Library/Developer/Xcode/DerivedData/Flow-fqmodrcmzpelxngdjsxsgsfpqduj/Build/Intermediates.noindex/Flow.build/Debug/Flow.build/Objects-normal/arm64/ContentView.o -index-unit-output-path /Flow.build/Debug/Flow.build/Objects-normal/arm64/ContentView.o -index-store-path /Users/wei/Library/Developer/Xcode/DerivedData/Flow-fqmodrcmzpelxngdjsxsgsfpqduj/Index.noindex/DataStore -index-system-modules
SwiftEmitModule normal arm64 Emitting\ module\ for\ Flow (in target 'Flow' from project 'Flow')

EmitSwiftModule normal arm64 (in target 'Flow' from project 'Flow')
    cd /Users/wei/source/flow
    

